<html>
<body>
<pre>
<h1>µVision Build Log</h1>
<h2>Tool Versions:</h2>
IDE-Version: µVision V5.34.0.0
Copyright (C) 2021 ARM Ltd and ARM Germany GmbH. All rights reserved.
License Information: George Emad, student, LIC=----
 
Tool Versions:
Toolchain:       MDK-Lite  Version: 5.34.0.0
Toolchain Path:  D:\geo Main\Asu\Spring 21\RTOS\keil\ARM\ARMCC\Bin
C Compiler:      Armcc.exe V5.06 update 7 (build 960)
Assembler:       Armasm.exe V5.06 update 7 (build 960)
Linker/Locator:  ArmLink.exe V5.06 update 7 (build 960)
Library Manager: ArmAr.exe V5.06 update 7 (build 960)
Hex Converter:   FromElf.exe V5.06 update 7 (build 960)
CPU DLL:         SARMCM3.DLL V5.34.0.0
Dialog DLL:      DCM.DLL V1.17.3.0
Target DLL:      lmidk-agdi.dll V???
Dialog DLL:      TCM.DLL V1.48.0.0
 
<h2>Project:</h2>
D:\geo Main\Asu\Spring 21\RTOS\FreeRTOS_Examples\source-code-for-Cortex-M3-examples-using-the Keil-MDK-Simulator\Examples\detection\Example015.uvprojx
Project File Date:  06/25/2021

<h2>Output:</h2>
*** Using Compiler 'V5.06 update 7 (build 960)', folder: 'D:\geo Main\Asu\Spring 21\RTOS\keil\ARM\ARMCC\Bin'
Rebuild target 'Source'
compiling list.c...
compiling tasks.c...
compiling queue.c...
compiling heap_1.c...
compiling basic_io.c...
compiling lcd_drivers.c...
compiling port.c...
assembling startup_MPS_CM3.s...
compiling main.c...
UART.h(13): warning:  #1295-D: Deprecated declaration UARTInit - give arg types
  void UARTInit();														// UART module initialization over PortA
UART.h(16): warning:  #1295-D: Deprecated declaration UARTRecieve - give arg types
  char UARTRecieve();													// UART character recieving
UART.h(18): warning:  #1-D: last line of file ends without a newline
  unsigned int ReadSelection();								// Read city selection
UART.h(18): warning:  #1295-D: Deprecated declaration ReadSelection - give arg types
  unsigned int ReadSelection();								// Read city selection
main.c(72): warning:  #550-D: variable "xStatus"  was set but never used
  	portBASE_TYPE xStatus; 
main.c: 5 warnings, 0 errors
compiling UART.c...
UART.h(13): warning:  #1295-D: Deprecated declaration UARTInit - give arg types
  void UARTInit();														// UART module initialization over PortA
UART.h(16): warning:  #1295-D: Deprecated declaration UARTRecieve - give arg types
  char UARTRecieve();													// UART character recieving
UART.h(18): warning:  #1-D: last line of file ends without a newline
  unsigned int ReadSelection();								// Read city selection
UART.h(18): warning:  #1295-D: Deprecated declaration ReadSelection - give arg types
  unsigned int ReadSelection();								// Read city selection
UART.c(109): warning:  #1-D: last line of file ends without a newline
  }
UART.c: 5 warnings, 0 errors
linking...
Program Size: Code=7340 RO-data=224 RW-data=192 ZI-data=4808  
".\Output\Example015.axf" - 0 Error(s), 10 Warning(s).

<h2>Software Packages used:</h2>

Package Vendor: ARM
                http://www.keil.com/pack/ARM.CMSIS.5.7.0.pack
                ARM.CMSIS.5.7.0
                CMSIS (Cortex Microcontroller Software Interface Standard)
   * Component: CORE Version: 5.4.0

Package Vendor: Keil
                http://www.keil.com/pack/Keil.TM4C_DFP.1.1.0.pack
                Keil.TM4C_DFP.1.1.0
                Texas Instruments Tiva C Series Device Support and Examples

<h2>Collection of Component include folders:</h2>
  .\RTE\_Source
  D:\geo Main\Asu\Spring 21\RTOS\keilPacks\ARM\CMSIS\5.7.0\CMSIS\Core\Include
  D:\geo Main\Asu\Spring 21\RTOS\keilPacks\Keil\TM4C_DFP\1.1.0\Device\Include\TM4C123

<h2>Collection of Component Files used:</h2>

   * Component: ARM::CMSIS:CORE:5.4.0
Build Time Elapsed:  00:00:03
</pre>
</body>
</html>
